thbase_IMPORTS_start
I_CreateThread
I_StartThread
I_ExitDeleteThread
I_DelayThread
I_WakeupThread
I_TerminateThread
I_DeleteThread
I_SetAlarm
I_CancelAlarm
I_GetThreadId
I_USec2SysClock
I_SleepThread
I_iWakeupThread
I_iReleaseWaitThread
thbase_IMPORTS_end

stdio_IMPORTS_start
I_printf
stdio_IMPORTS_end

sysclib_IMPORTS_start
I_memcpy
I_memset
I_strcmp
I_strtoul
I_strncmp
I_bzero
I_look_ctype_table
I_strtok
I_strcpy
I_strlen
sysclib_IMPORTS_end

intrman_IMPORTS_start
I_CpuSuspendIntr
I_CpuResumeIntr
I_EnableIntr
I_CpuEnableIntr
intrman_IMPORTS_end

loadcore_IMPORTS_start
I_RegisterLibraryEntries
I_ReleaseLibraryEntries
loadcore_IMPORTS_end

ps2ip_IMPORTS_start
I_pbuf_alloc
I_pbuf_free
I_netif_add
I_netif_set_default
I_netif_set_up
I_ps2ip_input
I_etharp_output
I_inet_addr
I_tcpip_input
I_netif_set_link_up
I_netif_set_link_down
I_tcpip_callback_with_block
ps2ip_IMPORTS_end

thsemap_IMPORTS_start
I_CreateSema
I_DeleteSema
I_SignalSema
I_iSignalSema
I_WaitSema
I_PollSema
thsemap_IMPORTS_end

thevent_IMPORTS_start
I_CreateEventFlag
I_WaitEventFlag
I_SetEventFlag
I_iSetEventFlag
I_DeleteEventFlag
I_ClearEventFlag
thevent_IMPORTS_end

dev9_IMPORTS_start
I_dev9IntrEnable
I_dev9IntrDisable
I_dev9RegisterIntrCb
I_dev9RegisterPreDmaCb
I_dev9RegisterPostDmaCb
I_dev9DmaTransfer
I_dev9GetEEPROM
dev9_IMPORTS_end

sifcmd_IMPORTS_start
I_sceSifBindRpc
I_sceSifCallRpc
I_sceSifSetRpcQueue
I_sceSifRegisterRpc
I_sceSifCheckStatRpc
I_sceSifRpcLoop
I_sceSifGetOtherData
sifcmd_IMPORTS_end

sifman_IMPORTS_start
I_sceSifSetDma
sifman_IMPORTS_end
